[INFO] Scanning for projects...
[INFO] 
[INFO] ---------------< com.cyberxdelta:Onboarding_Automation >----------------
[INFO] Building Onboarding_Automation 0.0.1-SNAPSHOT
[INFO]   from pom.xml
[INFO] --------------------------------[ jar ]---------------------------------
[INFO] 
[INFO] --- resources:3.3.1:resources (default-resources) @ Onboarding_Automation ---
[INFO] Copying 1 resource from src\main\resources to target\classes
[INFO] Copying 45 resources from src\main\resources to target\classes
[INFO] 
[INFO] --- compiler:3.14.1:compile (default-compile) @ Onboarding_Automation ---
[INFO] Recompiling the module because of changed source code.
[INFO] Compiling 52 source files with javac [debug parameters release 17] to target\classes
[INFO] -------------------------------------------------------------
[ERROR] COMPILATION ERROR : 
[INFO] -------------------------------------------------------------
[ERROR] /D:/CyberXDelta/Onboarding_Automation/Onboarding_Automation/src/main/java/com/cyberxdelta/Onboarding_Automation/controller/AssetController.java:[49,46] cannot find symbol
  symbol:   class PathVariable
  location: class com.cyberxdelta.Onboarding_Automation.controller.AssetController
[INFO] 1 error
[INFO] -------------------------------------------------------------
[INFO] ------------------------------------------------------------------------
[INFO] BUILD FAILURE
[INFO] ------------------------------------------------------------------------
[INFO] Total time:  10.668 s
[INFO] Finished at: 2026-03-08T07:26:03+05:30
[INFO] ------------------------------------------------------------------------
[ERROR] Failed to execute goal org.apache.maven.plugins:maven-compiler-plugin:3.14.1:compile (default-compile) on project Onboarding_Automation: Compilation failure
[ERROR] /D:/CyberXDelta/Onboarding_Automation/Onboarding_Automation/src/main/java/com/cyberxdelta/Onboarding_Automation/controller/AssetController.java:[49,46] cannot find symbol
[ERROR]   symbol:   class PathVariable
[ERROR]   location: class com.cyberxdelta.Onboarding_Automation.controller.AssetController
[ERROR] 
[ERROR] -> [Help 1]
[ERROR] 
[ERROR] To see the full stack trace of the errors, re-run Maven with the -e switch.
[ERROR] Re-run Maven using the -X switch to enable full debug logging.
[ERROR] 
[ERROR] For more information about the errors and possible solutions, please read the following articles:
[ERROR] [Help 1] http://cwiki.apache.org/confluence/display/MAVEN/MojoFailureException
