[INFO] Scanning for projects...
[INFO] 
[INFO] ---------------< com.cyberxdelta:Onboarding_Automation >----------------
[INFO] Building Onboarding_Automation 0.0.1-SNAPSHOT
[INFO]   from pom.xml
[INFO] --------------------------------[ jar ]---------------------------------
[INFO] 
[INFO] --- resources:3.3.1:resources (default-resources) @ Onboarding_Automation ---
[INFO] Copying 2 resources from src\main\resources to target\classes
[INFO] Copying 47 resources from src\main\resources to target\classes
[INFO] 
[INFO] --- compiler:3.14.1:compile (default-compile) @ Onboarding_Automation ---
[INFO] Recompiling the module because of changed source code.
[INFO] Compiling 52 source files with javac [debug parameters release 17] to target\classes
[INFO] /D:/CyberXDelta/Onboarding_Automation/Onboarding_Automation/src/main/java/com/cyberxdelta/Onboarding_Automation/service/TokenService.java: D:\CyberXDelta\Onboarding_Automation\Onboarding_Automation\src\main\java\com\cyberxdelta\Onboarding_Automation\service\TokenService.java uses or overrides a deprecated API.
[INFO] /D:/CyberXDelta/Onboarding_Automation/Onboarding_Automation/src/main/java/com/cyberxdelta/Onboarding_Automation/service/TokenService.java: Recompile with -Xlint:deprecation for details.
[INFO] Some messages have been simplified; recompile with -Xdiags:verbose to get full output
[INFO] -------------------------------------------------------------
[ERROR] COMPILATION ERROR : 
[INFO] -------------------------------------------------------------
[ERROR] /D:/CyberXDelta/Onboarding_Automation/Onboarding_Automation/src/main/java/com/cyberxdelta/Onboarding_Automation/controller/SAMLController.java:[87,37] incompatible types: bad return type in lambda expression
    inference variable T has incompatible bounds
      equality constraints: com.cyberxdelta.Onboarding_Automation.dto.SamlAppResponseDto
      lower bounds: java.util.Map<java.lang.String,java.lang.String>
[INFO] 1 error
[INFO] -------------------------------------------------------------
[INFO] ------------------------------------------------------------------------
[INFO] BUILD FAILURE
[INFO] ------------------------------------------------------------------------
[INFO] Total time:  13.633 s
[INFO] Finished at: 2026-03-08T05:26:54+05:30
[INFO] ------------------------------------------------------------------------
[ERROR] Failed to execute goal org.apache.maven.plugins:maven-compiler-plugin:3.14.1:compile (default-compile) on project Onboarding_Automation: Compilation failure
[ERROR] /D:/CyberXDelta/Onboarding_Automation/Onboarding_Automation/src/main/java/com/cyberxdelta/Onboarding_Automation/controller/SAMLController.java:[87,37] incompatible types: bad return type in lambda expression
[ERROR]     inference variable T has incompatible bounds
[ERROR]       equality constraints: com.cyberxdelta.Onboarding_Automation.dto.SamlAppResponseDto
[ERROR]       lower bounds: java.util.Map<java.lang.String,java.lang.String>
[ERROR] 
[ERROR] -> [Help 1]
[ERROR] 
[ERROR] To see the full stack trace of the errors, re-run Maven with the -e switch.
[ERROR] Re-run Maven using the -X switch to enable full debug logging.
[ERROR] 
[ERROR] For more information about the errors and possible solutions, please read the following articles:
[ERROR] [Help 1] http://cwiki.apache.org/confluence/display/MAVEN/MojoFailureException
